// Jest Snapshot v1, https://goo.gl/fbAQLP

exports[`should be structurally sound 1`] = `
<vime-player aspect-ratio="16:9" buffered="0" current-time="0" duration="-1" id="vime-player-1" language="en" paused="" playback-rate="1" tabindex="0" volume="50">
  <!---->
  <vime-faketube></vime-faketube>
</vime-player>
`;
