// Jest Snapshot v1, https://goo.gl/fbAQLP

exports[`should be structurally sound 1`] = `
<vime-spinner>
  <div>
    Loading...
  </div>
</vime-spinner>
`;
