// Jest Snapshot v1, https://goo.gl/fbAQLP

exports[`should be structurally sound 1`] = `
<vime-menu-radio>
  <vime-menu-item checkedicon="#vime-checkmark"></vime-menu-item>
</vime-menu-radio>
`;
