// Jest Snapshot v1, https://goo.gl/fbAQLP

exports[`should be structurally sound 1`] = `
<vime-captions style="transform: translateY(0);;">
  <span></span>
</vime-captions>
`;
