// Jest Snapshot v1, https://goo.gl/fbAQLP

exports[`should be structurally sound 1`] = `
<vime-embed>
  <iframe allow="autoplay; encrypted-media; picture-in-picture" allowfullscreen="1" id="vime-embed-1" src=""></iframe>
</vime-embed>
`;
