// Jest Snapshot v1, https://goo.gl/fbAQLP

exports[`should be structurally sound 1`] = `
<vime-end-time>
  <vime-time label="Duration" seconds="120"></vime-time>
</vime-end-time>
`;
