// Jest Snapshot v1, https://goo.gl/fbAQLP

exports[`should be structurally sound 1`] = `
<vime-settings-control class="hidden">
  <vime-control hidden="" identifier="vime-settings-control-1" label="Settings">
    <vime-icon href="#vime-settings"></vime-icon>
    <vime-tooltip>
      Settings
    </vime-tooltip>
  </vime-control>
</vime-settings-control>
`;
