// Jest Snapshot v1, https://goo.gl/fbAQLP

exports[`should be structurally sound 1`] = `
<vime-control>
  <!---->
  <button aria-haspopup="false" aria-hidden="false" class="notTouch" type="button" style="transform: scale(1);">
    Control
  </button>
</vime-control>
`;
