// Jest Snapshot v1, https://goo.gl/fbAQLP

exports[`should be structurally sound 1`] = `
<vime-player aria-hidden="true" aria-label="Video Player" id="vime-player-1" tabindex="0">
  <!---->
  <div class="active skeleton"></div>
  <vime-faketube></vime-faketube>
  <vime-ui>
    <!---->
    <div>
      <vime-settings style="bottom: 73px;">
        <!---->
        <vime-menu controller="" identifier="vime-settings-1">
          DefaultSlot
        </vime-menu>
      </vime-settings>
    </div>
  </vime-ui>
</vime-player>
`;
