// Jest Snapshot v1, https://goo.gl/fbAQLP

exports[`should be structurally sound 1`] = `
<vime-menu aria-hidden="true" role="menu" tabindex="-1">
  <!---->
  <div></div>
</vime-menu>
`;
